// Jest Snapshot v1, https://goo.gl/fbAQLP

exports[`snapshot Home component 1`] = `
<View
  style={
    Object {
      "alignItems": "center",
      "backgroundColor": "#C800CB",
      "flex": 1,
      "justifyContent": "center",
    }
  }
>
  <Image
    source={
      Object {
        "testUri": "../../../src/assets/logo.png",
      }
    }
  />
  <Text
    style={
      Object {
        "color": "white",
        "fontSize": 24,
        "margin": 10,
        "textAlign": "center",
      }
    }
  >
    Welcome to Hotel Transylvania!
  </Text>
  <Text
    style={
      Object {
        "color": "white",
        "marginBottom": 5,
        "textAlign": "center",
      }
    }
  >
    Where spooky happens...
    

  </Text>
  <View
    accessible={true}
    isTVSelectable={true}
    onResponderGrant={[Function]}
    onResponderMove={[Function]}
    onResponderRelease={[Function]}
    onResponderTerminate={[Function]}
    onResponderTerminationRequest={[Function]}
    onStartShouldSetResponder={[Function]}
    style={
      Object {
        "backgroundColor": "#640544",
        "borderColor": "#404040",
        "borderRadius": 4,
        "borderWidth": 1,
        "marginBottom": 5,
        "opacity": 1,
        "padding": 5,
        "textAlign": "center",
      }
    }
  >
    <Text
      style={
        Object {
          "color": "white",
          "fontSize": 14,
          "fontWeight": "bold",
          "textAlign": "center",
        }
      }
    >
      Creep
    </Text>
  </View>
</View>
`;
