// Jest Snapshot v1, https://goo.gl/fbAQLP

exports[`snapshot NewReservation component 1`] = `
<View
  style={
    Object {
      "alignItems": "center",
      "backgroundColor": "#fff",
      "flex": 1,
      "justifyContent": "center",
      "padding": 20,
    }
  }
>
  <Image
    source={
      Object {
        "testUri": "../../../src/assets/johnny.png",
      }
    }
  />
  <View>
    <Text
      style={
        Object {
          "color": "#640544",
          "fontSize": 20,
          "fontWeight": "bold",
          "paddingBottom": 10,
        }
      }
    >
      

      New Coffin: 
    </Text>
    <View
      style={Object {}}
    >
      <View
        style={
          Object {
            "marginBottom": 10,
          }
        }
      >
        <View
          style={Object {}}
        >
          <TextInput
            accessibilityLabel={null}
            allowFontScaling={true}
            onChangeText={[Function]}
            placeholder="Name"
            style={
              Object {
                "borderColor": "#cccccc",
                "borderRadius": 4,
                "borderWidth": 1,
                "color": "#000000",
                "fontSize": 17,
                "height": 36,
                "marginBottom": 5,
                "paddingHorizontal": 7,
                "paddingVertical": 7,
              }
            }
            underlineColorAndroid="transparent"
            value=""
          />
        </View>
      </View>
      <View
        style={
          Object {
            "marginBottom": 10,
          }
        }
      >
        <View
          style={Object {}}
        >
          <TextInput
            accessibilityLabel={null}
            allowFontScaling={true}
            onChangeText={[Function]}
            placeholder="Hotel name"
            style={
              Object {
                "borderColor": "#cccccc",
                "borderRadius": 4,
                "borderWidth": 1,
                "color": "#000000",
                "fontSize": 17,
                "height": 36,
                "marginBottom": 5,
                "paddingHorizontal": 7,
                "paddingVertical": 7,
              }
            }
            underlineColorAndroid="transparent"
            value=""
          />
        </View>
      </View>
      <View
        style={
          Object {
            "marginBottom": 10,
          }
        }
      >
        <View
          style={Object {}}
        >
          <TextInput
            accessibilityLabel={null}
            allowFontScaling={true}
            onChangeText={[Function]}
            placeholder="Arrival date"
            style={
              Object {
                "borderColor": "#cccccc",
                "borderRadius": 4,
                "borderWidth": 1,
                "color": "#000000",
                "fontSize": 17,
                "height": 36,
                "marginBottom": 5,
                "paddingHorizontal": 7,
                "paddingVertical": 7,
              }
            }
            underlineColorAndroid="transparent"
            value=""
          />
        </View>
      </View>
      <View
        style={
          Object {
            "marginBottom": 10,
          }
        }
      >
        <View
          style={Object {}}
        >
          <TextInput
            accessibilityLabel={null}
            allowFontScaling={true}
            onChangeText={[Function]}
            placeholder="Departure date"
            style={
              Object {
                "borderColor": "#cccccc",
                "borderRadius": 4,
                "borderWidth": 1,
                "color": "#000000",
                "fontSize": 17,
                "height": 36,
                "marginBottom": 5,
                "paddingHorizontal": 7,
                "paddingVertical": 7,
              }
            }
            underlineColorAndroid="transparent"
            value=""
          />
        </View>
      </View>
    </View>
    <View
      accessibilityRole="button"
      accessibilityStates={Array []}
      accessible={true}
      isTVSelectable={true}
      onResponderGrant={[Function]}
      onResponderMove={[Function]}
      onResponderRelease={[Function]}
      onResponderTerminate={[Function]}
      onResponderTerminationRequest={[Function]}
      onStartShouldSetResponder={[Function]}
      style={
        Object {
          "opacity": 1,
        }
      }
    >
      <View
        style={
          Array [
            Object {},
          ]
        }
      >
        <Text
          style={
            Array [
              Object {
                "color": "#007AFF",
                "fontSize": 18,
                "padding": 8,
                "textAlign": "center",
              },
            ]
          }
        >
          Submit
        </Text>
      </View>
    </View>
  </View>
</View>
`;
